// Jest Snapshot v1, https://goo.gl/fbAQLP

exports[`LanguageSwitcher should match snapshot 1`] = `
<div>
  <button
    class="button language-switcher clear"
    data-testid="language-switcher"
    type="button"
  >
    language
  </button>
</div>
`;
